std/numbers:Min library budget=0 cases=4/4 fields=0/0 replay=equal
std/numbers:Max library budget=0 cases=4/4 fields=0/0 replay=equal
std/numbers:Clamp library budget=0 cases=6/6 fields=0/0 replay=equal
std/numbers:AbsSaturating library budget=0 cases=5/5 fields=0/0 replay=equal
std/numbers:Sign library budget=0 cases=5/5 fields=0/0 replay=equal
std/numbers:IsZero library budget=0 cases=3/3 fields=0/0 replay=equal
std/numbers:InRange library budget=0 cases=7/7 fields=0/0 replay=equal
std/numbers:NonNegative library budget=0 cases=3/3 fields=0/0 replay=equal
std/logic:And library budget=0 cases=4/4 fields=0/0 replay=equal
std/logic:Or library budget=0 cases=4/4 fields=0/0 replay=equal
std/logic:Not library budget=0 cases=2/2 fields=0/0 replay=equal
std/text:Coalesce library budget=0 cases=5/5 fields=0/0 replay=equal
std/text:Choose library budget=0 cases=4/4 fields=0/0 replay=equal
std/text:HasPrefix library budget=0 cases=6/6 fields=0/0 replay=equal
std/text:HasSuffix library budget=0 cases=6/6 fields=0/0 replay=equal
std/text:StripSuffix library budget=0 cases=6/6 fields=0/0 replay=equal
std/text:ByteLength library budget=0 cases=5/5 fields=0/0 replay=equal
examples/preview:Plan fixed budget=1 cases=1/10 fields=14/30 replay=equal
examples/preview:Plan fixed budget=2 cases=1/10 fields=20/30 replay=equal
examples/preview:Plan fixed budget=4 cases=3/10 fields=23/30 replay=equal
examples/preview:Plan fixed budget=8 cases=10/10 fields=30/30 replay=equal
examples/preview:Plan model budget=1 cases=1/10 fields=14/30 replay=equal
examples/preview:Plan model budget=2 cases=3/10 fields=17/30 replay=equal
examples/preview:Plan model budget=4 cases=4/10 fields=24/30 replay=equal
examples/preview:Plan model budget=8 cases=10/10 fields=30/30 replay=equal
